00:00 +0: loading /app/test/ble/heart_rate_parser_test.dart                                                                                                                                            00:01 +0: loading /app/test/ble/heart_rate_parser_test.dart                                                                                                                                            00:02 +0: loading /app/test/ble/heart_rate_parser_test.dart                                                                                                                                            00:03 +0: loading /app/test/ble/heart_rate_parser_test.dart                                                                                                                                            00:03 +0: /app/test/ble/heart_rate_parser_test.dart: HeartRateParser Tests parses 8-bit heart rate data correctly                                                                                      00:03 +1: /app/test/ble/heart_rate_parser_test.dart: HeartRateParser Tests parses 8-bit heart rate data correctly                                                                                      00:03 +1: /app/test/ble/heart_rate_parser_test.dart: HeartRateParser Tests parses 16-bit heart rate data correctly                                                                                     00:03 +2: /app/test/ble/heart_rate_parser_test.dart: HeartRateParser Tests parses 16-bit heart rate data correctly                                                                                     00:03 +2: /app/test/ble/heart_rate_parser_test.dart: HeartRateParser Tests handles minimum valid heart rate                                                                                            00:03 +3: /app/test/ble/heart_rate_parser_test.dart: HeartRateParser Tests handles minimum valid heart rate                                                                                            00:03 +3: /app/test/ble/heart_rate_parser_test.dart: HeartRateParser Tests handles maximum valid heart rate within range                                                                               00:03 +4: /app/test/ble/heart_rate_parser_test.dart: HeartRateParser Tests handles maximum valid heart rate within range                                                                               00:03 +4: /app/test/ble/heart_rate_parser_test.dart: HeartRateParser Tests handles 16-bit heart rate within valid range                                                                                00:03 +5: /app/test/ble/heart_rate_parser_test.dart: HeartRateParser Tests handles 16-bit heart rate within valid range                                                                                00:03 +5: /app/test/ble/heart_rate_parser_test.dart: HeartRateParser Tests throws BleDataParsingException for empty data                                                                               00:03 +6: /app/test/ble/heart_rate_parser_test.dart: HeartRateParser Tests throws BleDataParsingException for empty data                                                                               00:03 +6: /app/test/ble/heart_rate_parser_test.dart: HeartRateParser Tests throws BleDataParsingException for single byte data                                                                         00:03 +7: /app/test/ble/heart_rate_parser_test.dart: HeartRateParser Tests throws BleDataParsingException for single byte data                                                                         00:03 +7: /app/test/ble/heart_rate_parser_test.dart: HeartRateParser Tests throws BleDataParsingException for 16-bit format with insufficient data                                                     00:03 +8: /app/test/ble/heart_rate_parser_test.dart: HeartRateParser Tests throws BleDataParsingException for 16-bit format with insufficient data                                                     00:03 +8: /app/test/ble/heart_rate_parser_test.dart: HeartRateParser Tests throws BleDataParsingException for heart rate out of range                                                                  00:03 +9: /app/test/ble/heart_rate_parser_test.dart: HeartRateParser Tests throws BleDataParsingException for heart rate out of range                                                                  00:03 +9: /app/test/ble/heart_rate_parser_test.dart: HeartRateParser Tests handles additional data in packet correctly                                                                                 00:03 +10: /app/test/ble/heart_rate_parser_test.dart: HeartRateParser Tests handles additional data in packet correctly                                                                                00:03 +10: /app/test/ble/heart_rate_parser_test.dart: HeartRateParser Tests handles realistic heart rate values                                                                                        00:03 +11: /app/test/ble/heart_rate_parser_test.dart: HeartRateParser Tests handles realistic heart rate values                                                                                        00:03 +11: /app/test/ble/heart_rate_parser_test.dart: HeartRateParser Tests verifies little-endian byte order for 16-bit values within range                                                           00:03 +12: /app/test/ble/heart_rate_parser_test.dart: HeartRateParser Tests verifies little-endian byte order for 16-bit values within range                                                           00:03 +12: /app/test/ble/heart_rate_parser_test.dart: HeartRateParser Tests preserves flags parsing behavior for edge cases                                                                            00:03 +13: /app/test/ble/heart_rate_parser_test.dart: HeartRateParser Tests preserves flags parsing behavior for edge cases                                                                            00:03 +13: /app/test/ble/heart_rate_parser_test.dart: HeartRateParser Tests validates error messages are descriptive                                                                                   00:03 +14: /app/test/ble/heart_rate_parser_test.dart: HeartRateParser Tests validates error messages are descriptive                                                                                   00:03 +14: /app/test/ble/heart_rate_parser_test.dart: HeartRateParser Tests tryParseHeartRate returns null on error                                                                                    00:03 +15: /app/test/ble/heart_rate_parser_test.dart: HeartRateParser Tests tryParseHeartRate returns null on error                                                                                    00:03 +15: /app/test/ble/heart_rate_parser_test.dart: HeartRateParser Tests isValidHeartRateData validates correctly                                                                                   00:03 +16: /app/test/ble/heart_rate_parser_test.dart: HeartRateParser Tests isValidHeartRateData validates correctly                                                                                   00:03 +16: /app/test/ble/heart_rate_parser_test.dart: HeartRateParser Tests getSensorContactStatus parses correctly                                                                                    00:03 +17: /app/test/ble/heart_rate_parser_test.dart: HeartRateParser Tests getSensorContactStatus parses correctly                                                                                    00:03 +17: /app/test/ble/heart_rate_parser_test.dart: HeartRateParser Tests hasEnergyExpended detects correctly                                                                                        00:03 +18: /app/test/ble/heart_rate_parser_test.dart: HeartRateParser Tests hasEnergyExpended detects correctly                                                                                        00:03 +18: /app/test/ble/heart_rate_parser_test.dart: HeartRateParser Tests hasRRInterval detects correctly                                                                                            00:03 +19: /app/test/ble/heart_rate_parser_test.dart: HeartRateParser Tests hasRRInterval detects correctly                                                                                            00:03 +19 -1: loading /app/test/widget/heart_rate_page_test.dart [E]
  Failed to load "/app/test/widget/heart_rate_page_test.dart": Does not exist.

To run this test again: /home/jules/fvm/versions/stable/bin/cache/dart-sdk/bin/dart test /app/test/widget/heart_rate_page_test.dart -p vm --plain-name 'loading /app/test/widget/heart_rate_page_test.dart'
00:03 +19 -1: loading /app/test/ble/ble_service_test.dart                                                                                                                                              00:03 +19 -1: /app/test/ble/ble_service_test.dart: BleService Tests initializes correctly                                                                                                              00:04 +19 -1: /app/test/ble/ble_service_test.dart: BleService Tests initializes correctly                                                                                                              00:04 +20 -1: /app/test/ble/ble_service_test.dart: BleService Tests initializes correctly                                                                                                              00:04 +20 -1: /app/test/ble/ble_service_test.dart: BleService Tests checks permissions correctly                                                                                                       00:04 +21 -1: /app/test/ble/ble_service_test.dart: BleService Tests checks permissions correctly                                                                                                       00:04 +21 -1: /app/test/ble/ble_service_test.dart: BleService Tests isSupported returns correct value                                                                                                  00:04 +22 -1: /app/test/ble/ble_service_test.dart: BleService Tests isSupported returns correct value                                                                                                  00:04 +22 -1: /app/test/ble/ble_service_test.dart: BleService Tests scanAndConnect initiates scan                                                                                                      00:04 +23 -1: /app/test/ble/ble_service_test.dart: BleService Tests scanAndConnect initiates scan                                                                                                      00:04 +23 -1: /app/test/ble/ble_service_test.dart: BleService Tests disconnect calls disconnect on service                                                                                             00:04 +24 -1: /app/test/ble/ble_service_test.dart: BleService Tests disconnect calls disconnect on service                                                                                             00:04 +24 -1: /app/test/ble/ble_service_test.dart: BleService Tests stopScan calls stopScan on service                                                                                                 00:04 +25 -1: /app/test/ble/ble_service_test.dart: BleService Tests stopScan calls stopScan on service                                                                                                 00:04 +25 -1: /app/test/ble/ble_service_test.dart: BleService Tests connectToDevice initiates connection                                                                                               00:04 +26 -1: /app/test/ble/ble_service_test.dart: BleService Tests connectToDevice initiates connection                                                                                               00:04 +26 -1: /app/test/ble/ble_service_test.dart: BleService Tests getKnownDevices returns list of devices                                                                                            00:04 +27 -1: /app/test/ble/ble_service_test.dart: BleService Tests getKnownDevices returns list of devices                                                                                            00:04 +27 -1: /app/test/ble/ble_service_test.dart: BleService Tests connection state stream emits correct values                                                                                       00:04 +28 -1: /app/test/ble/ble_service_test.dart: BleService Tests connection state stream emits correct values                                                                                       00:04 +28 -1: /app/test/ble/ble_service_test.dart: BleService Tests heart rate stream emits correct values                                                                                             00:04 +29 -1: /app/test/ble/ble_service_test.dart: BleService Tests heart rate stream emits correct values                                                                                             00:04 +29 -1: /app/test/ble/ble_service_test.dart: BleException Tests BleException toString includes message                                                                                           00:04 +30 -1: /app/test/ble/ble_service_test.dart: BleException Tests BleException toString includes message                                                                                           00:04 +30 -1: /app/test/ble/ble_service_test.dart: BleException Tests BleException toString includes original exception                                                                                00:04 +31 -1: /app/test/ble/ble_service_test.dart: BleException Tests BleException toString includes original exception                                                                                00:04 +31 -1: /app/test/ble/ble_service_test.dart: BleException Tests BleException localizedMessage returns error message                                                                              00:04 +32 -1: /app/test/ble/ble_service_test.dart: BleException Tests BleException localizedMessage returns error message                                                                              00:04 +32 -1: /app/test/ble/ble_service_test.dart: DeviceInfo Tests DeviceInfo creates correctly                                                                                                       00:04 +33 -1: /app/test/ble/ble_service_test.dart: DeviceInfo Tests DeviceInfo creates correctly                                                                                                       00:04 +33 -1: /app/test/ble/ble_service_test.dart: DeviceInfo Tests DeviceInfo equality works correctly                                                                                                00:04 +34 -1: /app/test/ble/ble_service_test.dart: DeviceInfo Tests DeviceInfo equality works correctly                                                                                                00:04 +34 -1: /app/test/ble/ble_service_test.dart: DeviceInfo Tests DeviceInfo copyWith works correctly                                                                                                00:04 +35 -1: /app/test/ble/ble_service_test.dart: DeviceInfo Tests DeviceInfo copyWith works correctly                                                                                                00:04 +35 -1: /app/test/ble/ble_service_test.dart: BLE Connection State Extension Tests isConnected returns correct values                                                                             00:04 +36 -1: /app/test/ble/ble_service_test.dart: BLE Connection State Extension Tests isConnected returns correct values                                                                             00:04 +36 -1: /app/test/ble/ble_service_test.dart: BLE Connection State Extension Tests isWorking returns correct values                                                                               00:04 +37 -1: /app/test/ble/ble_service_test.dart: BLE Connection State Extension Tests isWorking returns correct values                                                                               00:04 +37 -1: /app/test/ble/ble_service_test.dart: BLE Connection State Extension Tests displayText returns Japanese text                                                                              00:04 +38 -1: /app/test/ble/ble_service_test.dart: BLE Connection State Extension Tests displayText returns Japanese text                                                                              00:04 +38 -1: /app/test/ble/ble_service_test.dart: BLE Error Extension Tests error messages are in Japanese                                                                                            00:04 +39 -1: /app/test/ble/ble_service_test.dart: BLE Error Extension Tests error messages are in Japanese                                                                                            00:04 +39 -1: /app/test/ble/ble_service_test.dart: Error Handling Scenarios handles initialization failure gracefully                                                                                  00:04 +40 -1: /app/test/ble/ble_service_test.dart: Error Handling Scenarios handles initialization failure gracefully                                                                                  00:04 +40 -1: /app/test/ble/ble_service_test.dart: Error Handling Scenarios handles permission denial gracefully                                                                                       00:04 +41 -1: /app/test/ble/ble_service_test.dart: Error Handling Scenarios handles permission denial gracefully                                                                                       00:04 +41 -1: /app/test/ble/ble_service_test.dart: Error Handling Scenarios handles scan timeout gracefully                                                                                            00:04 +42 -1: /app/test/ble/ble_service_test.dart: Error Handling Scenarios handles scan timeout gracefully                                                                                            00:04 +42 -1: /app/test/ble/ble_service_test.dart: Error Handling Scenarios handles connection failure gracefully                                                                                      00:04 +43 -1: /app/test/ble/ble_service_test.dart: Error Handling Scenarios handles connection failure gracefully                                                                                      00:04 +43 -1: /app/test/ble/ble_service_test.dart: Platform Integration Tests platform detection works correctly                                                                                       00:04 +44 -1: /app/test/ble/ble_service_test.dart: Platform Integration Tests platform detection works correctly                                                                                       00:04 +44 -1: /app/test/ble/ble_service_test.dart: Platform Integration Tests BLE UUIDs are correctly formatted                                                                                        00:04 +45 -1: /app/test/ble/ble_service_test.dart: Platform Integration Tests BLE UUIDs are correctly formatted                                                                                        00:04 +45 -1: /app/test/ble/ble_service_test.dart: BleServiceMixin Tests connection state stream emits correct values                                                                                  00:04 +45 -1: /app/test/ble/ble_service_test.dart: BleServiceMixin Tests connection state stream emits correct values
BLE service resources disposed successfully
00:04 +46 -1: /app/test/ble/ble_service_test.dart: BleServiceMixin Tests connection state stream emits correct values                                                                                  00:04 +46 -1: /app/test/ble/ble_service_test.dart: BleServiceMixin Tests heart rate stream emits correct values with throttling                                                                        00:04 +46 -1: /app/test/ble/ble_service_test.dart: BleServiceMixin Tests heart rate stream emits correct values with throttling
BLE service resources disposed successfully
00:04 +47 -1: /app/test/ble/ble_service_test.dart: BleServiceMixin Tests heart rate stream emits correct values with throttling                                                                        00:04 +47 -1: /app/test/ble/ble_service_test.dart: BleServiceMixin Tests heart rate stream does not emit when not connected                                                                            00:04 +47 -1: /app/test/ble/ble_service_test.dart: BleServiceMixin Tests heart rate stream does not emit when not connected
BLE service resources disposed successfully
00:04 +48 -1: /app/test/ble/ble_service_test.dart: BleServiceMixin Tests heart rate stream does not emit when not connected                                                                            00:04 +48 -1: /app/test/ble/ble_service_test.dart: BleServiceMixin Tests parse and emit heart rate with valid data                                                                                     00:04 +48 -1: /app/test/ble/ble_service_test.dart: BleServiceMixin Tests parse and emit heart rate with valid data
BLE service resources disposed successfully
00:04 +49 -1: /app/test/ble/ble_service_test.dart: BleServiceMixin Tests parse and emit heart rate with valid data                                                                                     00:04 +49 -1: /app/test/ble/ble_service_test.dart: BleServiceMixin Tests parse and emit heart rate with invalid data does not crash                                                                    00:04 +49 -1: /app/test/ble/ble_service_test.dart: BleServiceMixin Tests parse and emit heart rate with invalid data does not crash
Failed to parse heart rate data: BleDataParsingException: Empty heart rate data (dataParsingError) (consecutive failures: 1)
BLE service resources disposed successfully
00:04 +50 -1: /app/test/ble/ble_service_test.dart: BleServiceMixin Tests parse and emit heart rate with invalid data does not crash                                                                    00:04 +50 -1: /app/test/ble/ble_service_test.dart: BleServiceMixin Tests stream subscription management prevents memory leaks                                                                          00:04 +50 -1: /app/test/ble/ble_service_test.dart: BleServiceMixin Tests stream subscription management prevents memory leaks
BLE service resources disposed successfully
00:04 +51 -1: /app/test/ble/ble_service_test.dart: BleServiceMixin Tests stream subscription management prevents memory leaks                                                                          00:05 +51 -1: /app/test/ble/ble_service_test.dart: BleServiceMixin Tests stream subscription management prevents memory leaks                                                                          00:05 +51 -1: loading /app/test/workout/workout_settings_test.dart                                                                                                                                     00:05 +51 -1: /app/test/workout/workout_settings_test.dart: WorkoutSettings Tests Basic Settings Management initializes with default values                                                            00:05 +52 -1: /app/test/workout/workout_settings_test.dart: WorkoutSettings Tests Basic Settings Management initializes with default values                                                            00:05 +52 -1: /app/test/workout/workout_settings_test.dart: WorkoutSettings Tests Basic Settings Management updates profile correctly                                                                  00:05 +53 -1: /app/test/workout/workout_settings_test.dart: WorkoutSettings Tests Basic Settings Management updates profile correctly                                                                  00:05 +53 -1: /app/test/workout/workout_settings_test.dart: WorkoutSettings Tests Basic Settings Management selects workout type correctly                                                             00:05 +54 -1: /app/test/workout/workout_settings_test.dart: WorkoutSettings Tests Basic Settings Management selects workout type correctly                                                             00:05 +54 -1: /app/test/workout/workout_settings_test.dart: WorkoutSettings Tests Basic Settings Management computes target range for traditional workout types                                        00:05 +55 -1: /app/test/workout/workout_settings_test.dart: WorkoutSettings Tests Basic Settings Management computes target range for traditional workout types                                        00:05 +55 -1: /app/test/workout/workout_settings_test.dart: WorkoutSettings Tests Custom Workout Configuration Management creates custom workout configuration successfully                            00:05 +56 -1: /app/test/workout/workout_settings_test.dart: WorkoutSettings Tests Custom Workout Configuration Management creates custom workout configuration successfully                            00:05 +56 -1: /app/test/workout/workout_settings_test.dart: WorkoutSettings Tests Custom Workout Configuration Management throws error for invalid workout configuration                               00:05 +57 -1: /app/test/workout/workout_settings_test.dart: WorkoutSettings Tests Custom Workout Configuration Management throws error for invalid workout configuration                               00:05 +57 -1: /app/test/workout/workout_settings_test.dart: WorkoutSettings Tests Custom Workout Configuration Management updates existing custom workout configuration                                00:05 +58 -1: /app/test/workout/workout_settings_test.dart: WorkoutSettings Tests Custom Workout Configuration Management updates existing custom workout configuration                                00:05 +58 -1: /app/test/workout/workout_settings_test.dart: WorkoutSettings Tests Custom Workout Configuration Management throws error when updating non-existent configuration                        00:05 +59 -1: /app/test/workout/workout_settings_test.dart: WorkoutSettings Tests Custom Workout Configuration Management throws error when updating non-existent configuration                        00:05 +59 -1: /app/test/workout/workout_settings_test.dart: WorkoutSettings Tests Custom Workout Configuration Management deletes custom workout configuration successfully                            00:05 +60 -1: /app/test/workout/workout_settings_test.dart: WorkoutSettings Tests Custom Workout Configuration Management deletes custom workout configuration successfully                            00:05 +60 -1: /app/test/workout/workout_settings_test.dart: WorkoutSettings Tests Custom Workout Configuration Management returns false when deleting non-existent configuration                       00:05 +61 -1: /app/test/workout/workout_settings_test.dart: WorkoutSettings Tests Custom Workout Configuration Management returns false when deleting non-existent configuration                       00:05 +61 -1: /app/test/workout/workout_settings_test.dart: WorkoutSettings Tests Custom Workout Configuration Management clears custom selection when deleting selected config                        00:05 +62 -1: /app/test/workout/workout_settings_test.dart: WorkoutSettings Tests Custom Workout Configuration Management clears custom selection when deleting selected config                        00:05 +62 -1: /app/test/workout/workout_settings_test.dart: WorkoutSettings Tests Custom Workout Selection selects custom workout configuration                                                        00:05 +63 -1: /app/test/workout/workout_settings_test.dart: WorkoutSettings Tests Custom Workout Selection selects custom workout configuration                                                        00:05 +63 -1: /app/test/workout/workout_settings_test.dart: WorkoutSettings Tests Custom Workout Selection throws error when selecting non-existent configuration                                      00:05 +64 -1: /app/test/workout/workout_settings_test.dart: WorkoutSettings Tests Custom Workout Selection throws error when selecting non-existent configuration                                      00:05 +64 -1: /app/test/workout/workout_settings_test.dart: WorkoutSettings Tests Custom Workout Selection clears custom workout selection                                                             00:05 +65 -1: /app/test/workout/workout_settings_test.dart: WorkoutSettings Tests Custom Workout Selection clears custom workout selection                                                             00:05 +65 -1: /app/test/workout/workout_settings_test.dart: WorkoutSettings Tests Custom Workout Selection target range uses custom configuration when selected                                        00:05 +66 -1: /app/test/workout/workout_settings_test.dart: WorkoutSettings Tests Custom Workout Selection target range uses custom configuration when selected                                        00:05 +66 -1: /app/test/workout/workout_settings_test.dart: WorkoutSettings Tests Configuration Getters returns default configurations based on age                                                    00:05 +67 -1: /app/test/workout/workout_settings_test.dart: WorkoutSettings Tests Configuration Getters returns default configurations based on age                                                    00:05 +67 -1: /app/test/workout/workout_settings_test.dart: WorkoutSettings Tests Configuration Getters returns all configurations (default + custom)                                                  00:05 +68 -1: /app/test/workout/workout_settings_test.dart: WorkoutSettings Tests Configuration Getters returns all configurations (default + custom)                                                  00:05 +68 -1: /app/test/workout/workout_settings_test.dart: WorkoutSettings Tests Configuration Getters finds workout configuration by ID                                                              00:05 +69 -1: /app/test/workout/workout_settings_test.dart: WorkoutSettings Tests Configuration Getters finds workout configuration by ID                                                              00:05 +69 -1: /app/test/workout/workout_settings_test.dart: WorkoutSettings Tests Persistence and Loading loads settings from SharedPreferences                                                        00:05 +70 -1: /app/test/workout/workout_settings_test.dart: WorkoutSettings Tests Persistence and Loading loads settings from SharedPreferences                                                        00:05 +70 -1: /app/test/workout/workout_settings_test.dart: WorkoutSettings Tests Persistence and Loading handles corrupted JSON data gracefully                                                       00:05 +71 -1: /app/test/workout/workout_settings_test.dart: WorkoutSettings Tests Persistence and Loading handles corrupted JSON data gracefully                                                       00:05 +71 -1: /app/test/workout/workout_settings_test.dart: WorkoutSettings Tests Persistence and Loading saves custom configurations to SharedPreferences                                             00:05 +72 -1: /app/test/workout/workout_settings_test.dart: WorkoutSettings Tests Persistence and Loading saves custom configurations to SharedPreferences                                             00:05 +72 -1: /app/test/workout/workout_settings_test.dart: WorkoutSettings Tests Change Notifications notifies listeners when profile is updated                                                      00:05 +73 -1: /app/test/workout/workout_settings_test.dart: WorkoutSettings Tests Change Notifications notifies listeners when profile is updated                                                      00:05 +73 -1: /app/test/workout/workout_settings_test.dart: WorkoutSettings Tests Change Notifications notifies listeners when workout type is selected                                                00:05 +74 -1: /app/test/workout/workout_settings_test.dart: WorkoutSettings Tests Change Notifications notifies listeners when workout type is selected                                                00:05 +74 -1: /app/test/workout/workout_settings_test.dart: WorkoutSettings Tests Change Notifications notifies listeners when custom config is created                                                00:05 +75 -1: /app/test/workout/workout_settings_test.dart: WorkoutSettings Tests Change Notifications notifies listeners when custom config is created                                                00:05 +75 -1: /app/test/workout/workout_settings_test.dart: WorkoutSettings Tests Change Notifications notifies listeners when custom config is updated                                                00:05 +76 -1: /app/test/workout/workout_settings_test.dart: WorkoutSettings Tests Change Notifications notifies listeners when custom config is updated                                                00:05 +76 -1: /app/test/workout/workout_settings_test.dart: WorkoutSettings Tests Change Notifications notifies listeners when custom config is deleted                                                00:05 +77 -1: /app/test/workout/workout_settings_test.dart: WorkoutSettings Tests Change Notifications notifies listeners when custom config is deleted                                                00:05 +77 -1: /app/test/workout/workout_settings_test.dart: WorkoutSettings Tests Change Notifications notifies listeners when custom workout is selected                                              00:05 +78 -1: /app/test/workout/workout_settings_test.dart: WorkoutSettings Tests Change Notifications notifies listeners when custom workout is selected                                              00:05 +78 -1: /app/test/workout/workout_settings_test.dart: WorkoutSettings Tests Change Notifications notifies listeners on data load                                                                 00:05 +79 -1: /app/test/workout/workout_settings_test.dart: WorkoutSettings Tests Change Notifications notifies listeners on data load                                                                 00:05 +79 -1: /app/test/workout/workout_settings_test.dart: WorkoutSettings Tests Integration with PlayerSettings applies workout target range to player settings                                      00:05 +80 -1: /app/test/workout/workout_settings_test.dart: WorkoutSettings Tests Integration with PlayerSettings applies workout target range to player settings                                      00:05 +80 -1: /app/test/workout/workout_settings_test.dart: WorkoutSettings Tests Integration with PlayerSettings applies custom workout range to player settings                                      00:05 +81 -1: /app/test/workout/workout_settings_test.dart: WorkoutSettings Tests Integration with PlayerSettings applies custom workout range to player settings                                      00:06 +81 -1: /app/test/workout/workout_settings_test.dart: WorkoutSettings Tests Integration with PlayerSettings applies custom workout range to player settings                                      00:06 +81 -1: loading /app/test/integration/ble_integration_test.dart                                                                                                                                  00:06 +81 -1: /app/test/integration/ble_integration_test.dart: BLE Integration Tests Full BLE connection workflow with mock devices                                                                    00:07 +81 -1: /app/test/integration/ble_integration_test.dart: BLE Integration Tests Full BLE connection workflow with mock devices                                                                    00:07 +81 -1: /app/test/integration/ble_integration_test.dart: BLE Integration Tests Full BLE connection workflow with mock devices
BLE service resources disposed successfully
00:07 +82 -1: /app/test/integration/ble_integration_test.dart: BLE Integration Tests Full BLE connection workflow with mock devices                                                                    00:07 +82 -1: /app/test/integration/ble_integration_test.dart: BLE Integration Tests Error recovery and reconnection scenarios                                                                         00:08 +82 -1: /app/test/integration/ble_integration_test.dart: BLE Integration Tests Error recovery and reconnection scenarios                                                                         00:08 +82 -1: /app/test/integration/ble_integration_test.dart: BLE Integration Tests Error recovery and reconnection scenarios
BLE service resources disposed successfully
00:08 +83 -1: /app/test/integration/ble_integration_test.dart: BLE Integration Tests Error recovery and reconnection scenarios                                                                         00:08 +83 -1: /app/test/integration/ble_integration_test.dart: BLE Integration Tests Real-time data streaming performance                                                                              00:09 +83 -1: /app/test/integration/ble_integration_test.dart: BLE Integration Tests Real-time data streaming performance                                                                              00:10 +83 -1: /app/test/integration/ble_integration_test.dart: BLE Integration Tests Real-time data streaming performance                                                                              00:10 +83 -1: /app/test/integration/ble_integration_test.dart: BLE Integration Tests Real-time data streaming performance
BLE service resources disposed successfully
00:10 +84 -1: /app/test/integration/ble_integration_test.dart: BLE Integration Tests Real-time data streaming performance                                                                              00:10 +84 -1: /app/test/integration/ble_integration_test.dart: BLE Integration Tests Multiple device support and management                                                                            00:11 +84 -1: /app/test/integration/ble_integration_test.dart: BLE Integration Tests Multiple device support and management                                                                            00:11 +84 -1: /app/test/integration/ble_integration_test.dart: BLE Integration Tests Multiple device support and management
BLE service resources disposed successfully
00:11 +85 -1: /app/test/integration/ble_integration_test.dart: BLE Integration Tests Multiple device support and management                                                                            00:11 +85 -1: /app/test/integration/ble_integration_test.dart: BLE Integration Tests Cross-platform compatibility validation                                                                           00:11 +85 -1: /app/test/integration/ble_integration_test.dart: BLE Integration Tests Cross-platform compatibility validation
BLE service resources disposed successfully
00:11 +86 -1: /app/test/integration/ble_integration_test.dart: BLE Integration Tests Cross-platform compatibility validation                                                                           00:11 +86 -1: /app/test/integration/ble_integration_test.dart: BLE Integration Tests Memory management and resource cleanup                                                                            00:12 +86 -1: /app/test/integration/ble_integration_test.dart: BLE Integration Tests Memory management and resource cleanup                                                                            00:13 +86 -1: /app/test/integration/ble_integration_test.dart: BLE Integration Tests Memory management and resource cleanup                                                                            00:13 +86 -1: /app/test/integration/ble_integration_test.dart: BLE Integration Tests Memory management and resource cleanup
BLE service resources disposed successfully
BLE service resources disposed successfully
BLE service resources disposed successfully
BLE service resources disposed successfully
BLE service resources disposed successfully
BLE service resources disposed successfully
00:14 +87 -1: /app/test/integration/ble_integration_test.dart: BLE Integration Tests Memory management and resource cleanup                                                                            00:14 +87 -1: /app/test/integration/ble_integration_test.dart: BLE Integration Tests Concurrent operations handling                                                                                    00:15 +87 -1: /app/test/integration/ble_integration_test.dart: BLE Integration Tests Concurrent operations handling                                                                                    00:15 +87 -1: /app/test/integration/ble_integration_test.dart: BLE Integration Tests Concurrent operations handling
BLE service resources disposed successfully
00:15 +88 -1: /app/test/integration/ble_integration_test.dart: BLE Integration Tests Concurrent operations handling                                                                                    00:15 +88 -1: /app/test/integration/ble_integration_test.dart: BLE Error Scenarios Integration Bluetooth not supported scenario                                                                        00:15 +88 -1: /app/test/integration/ble_integration_test.dart: BLE Error Scenarios Integration Bluetooth not supported scenario
BLE service resources disposed successfully
00:15 +89 -1: /app/test/integration/ble_integration_test.dart: BLE Error Scenarios Integration Bluetooth not supported scenario                                                                        00:15 +89 -1: /app/test/integration/ble_integration_test.dart: BLE Error Scenarios Integration Permission denied scenario                                                                              00:15 +89 -1: /app/test/integration/ble_integration_test.dart: BLE Error Scenarios Integration Permission denied scenario
BLE service resources disposed successfully
00:15 +90 -1: /app/test/integration/ble_integration_test.dart: BLE Error Scenarios Integration Permission denied scenario                                                                              00:15 +90 -1: /app/test/integration/ble_integration_test.dart: BLE Error Scenarios Integration Device not found scenario                                                                               00:15 +90 -1: /app/test/integration/ble_integration_test.dart: BLE Error Scenarios Integration Device not found scenario
BLE service resources disposed successfully
00:15 +91 -1: /app/test/integration/ble_integration_test.dart: BLE Error Scenarios Integration Device not found scenario                                                                               00:15 +91 -1: /app/test/integration/ble_integration_test.dart: BLE Error Scenarios Integration Connection timeout scenario                                                                             00:15 +91 -1: /app/test/integration/ble_integration_test.dart: BLE Error Scenarios Integration Connection timeout scenario
BLE service resources disposed successfully
00:15 +92 -1: /app/test/integration/ble_integration_test.dart: BLE Error Scenarios Integration Connection timeout scenario                                                                             00:15 +92 -1: /app/test/integration/ble_integration_test.dart: BLE Error Scenarios Integration Service/Characteristic not found scenario                                                               00:16 +92 -1: /app/test/integration/ble_integration_test.dart: BLE Error Scenarios Integration Service/Characteristic not found scenario                                                               00:16 +92 -1: /app/test/integration/ble_integration_test.dart: BLE Error Scenarios Integration Service/Characteristic not found scenario
BLE service resources disposed successfully
00:16 +93 -1: /app/test/integration/ble_integration_test.dart: BLE Error Scenarios Integration Service/Characteristic not found scenario                                                               00:16 +93 -1: Some tests failed.
